OziExplorer Map Data File Version 2.1
unknowndatum
../mer.jpg
1 ,Map Code,
YAD2018
Reserved 1
Reserved 2
Magnetic Variation,,,E
Map Projection,Mercator,PolyCal,No,AutoCalOnly,No,BSBUseWPX,No
Point01,xy,    0,    0,in, deg,   7, 32.0062,N,  69, 44.8373,W, grid,   ,    1871085,     693307,N
Point02,xy,   60,    0,in, deg,   7, 32.0062,N,  69, 34.7872,W, grid,   ,    1886560,     693307,N
Point03,xy,  120,    0,in, deg,   7, 32.0062,N,  69, 24.7371,W, grid,   ,    1902035,     693307,N
Point04,xy,    0,   60,in, deg,   7, 21.9741,N,  69, 44.8373,W, grid,   ,    1871085,     677832,N
Point05,xy,   60,   60,in, deg,   7, 21.9741,N,  69, 34.7872,W, grid,   ,    1886560,     677832,N
Point06,xy,  120,   60,in, deg,   7, 21.9741,N,  69, 24.7371,W, grid,   ,    1902035,     677832,N
Point07,xy,    0,  120,in, deg,   7, 11.9382,N,  69, 44.8373,W, grid,   ,    1871085,     662357,N
Point08,xy,   60,  120,in, deg,   7, 11.9382,N,  69, 34.7872,W, grid,   ,    1886560,     662357,N
Point09,xy,  120,  120,in, deg,   7, 11.9382,N,  69, 24.7371,W, grid,   ,    1902035,     662357,N
Point10,xy,     ,     ,in, deg,    ,        ,N,    ,        ,W, grid,   ,           ,           ,N
Point11,xy,     ,     ,in, deg,    ,        ,N,    ,        ,W, grid,   ,           ,           ,N
Point12,xy,     ,     ,in, deg,    ,        ,N,    ,        ,W, grid,   ,           ,           ,N
Point13,xy,     ,     ,in, deg,    ,        ,N,    ,        ,W, grid,   ,           ,           ,N
Point14,xy,     ,     ,in, deg,    ,        ,N,    ,        ,W, grid,   ,           ,           ,N
Point15,xy,     ,     ,in, deg,    ,        ,N,    ,        ,W, grid,   ,           ,           ,N
Point16,xy,     ,     ,in, deg,    ,        ,N,    ,        ,W, grid,   ,           ,           ,N
Point17,xy,     ,     ,in, deg,    ,        ,N,    ,        ,W, grid,   ,           ,           ,N
Point18,xy,     ,     ,in, deg,    ,        ,N,    ,        ,W, grid,   ,           ,           ,N
Point19,xy,     ,     ,in, deg,    ,        ,N,    ,        ,W, grid,   ,           ,           ,N
Point20,xy,     ,     ,in, deg,    ,        ,N,    ,        ,W, grid,   ,           ,           ,N
Point21,xy,     ,     ,in, deg,    ,        ,N,    ,        ,W, grid,   ,           ,           ,N
Point22,xy,     ,     ,in, deg,    ,        ,N,    ,        ,W, grid,   ,           ,           ,N
Point23,xy,     ,     ,in, deg,    ,        ,N,    ,        ,W, grid,   ,           ,           ,N
Point24,xy,     ,     ,in, deg,    ,        ,N,    ,        ,W, grid,   ,           ,           ,N
Point25,xy,     ,     ,in, deg,    ,        ,N,    ,        ,W, grid,   ,           ,           ,N
Point26,xy,     ,     ,in, deg,    ,        ,N,    ,        ,W, grid,   ,           ,           ,N
Point27,xy,     ,     ,in, deg,    ,        ,N,    ,        ,W, grid,   ,           ,           ,N
Point28,xy,     ,     ,in, deg,    ,        ,N,    ,        ,W, grid,   ,           ,           ,N
Point29,xy,     ,     ,in, deg,    ,        ,N,    ,        ,W, grid,   ,           ,           ,N
Point30,xy,     ,     ,in, deg,    ,        ,N,    ,        ,W, grid,   ,           ,           ,N
Projection Setup, 0.0000000000, -90.000000,0.829916312080482, 0.001, 0.002,,,,
Map Feature = MF ; Map Comment = MC     These follow if they exist
Track File = TF      These follow if they exist
Moving Map Parameters = MM?    These follow if they exist
MM0,Yes
MMPNUM,4
MMPXY,1,0,0
MMPXY,2,120,0
MMPXY,3,120,120
MMPXY,4,0,120
MMPLL, 1, -69.747289,   7.533436
MMPLL, 2, -69.412284,   7.533436
MMPLL, 3, -69.412284,   7.198970
MMPLL, 4, -69.747289,   7.198970
MM1B,308.226548
MOP,Map Open Position,0,0
IWH,Map Image Width/Height,120,120
