OziExplorer Map Data File Version 2.1
utm21-nad83
utm21-nad83.jpg
1 ,Map Code,
NAD83,WGS 84,   0.0000,   0.0000,WGS 84
Reserved 1
Reserved 2
Magnetic Variation,,,E
Map Projection,(UTM) Universal Transverse Mercator,PolyCal,No,AutoCalOnly,No,BSBUseWPX,No
Point01,xy,    0,    0,in, deg,  51, 16.1323,N,  54, 18.2508,W, grid, 21,     688054,    5683177,N
Point02,xy,   60,    0,in, deg,  51, 13.0635,N,  52, 36.9196,W, grid, 21,     806164,    5683177,N
Point03,xy,  120,    0,in, deg,  51,  8.5409,N,  50, 55.9554,W, grid, 21,     924274,    5683177,N
Point04,xy,    0,   54,in, deg,  50, 19.3694,N,  54, 21.4859,W, grid, 21,     688054,    5577863,N
Point05,xy,   60,   54,in, deg,  50, 16.4016,N,  52, 42.1691,W, grid, 21,     806164,    5577863,N
Point06,xy,  120,   54,in, deg,  50, 12.0274,N,  51,  3.1943,W, grid, 21,     924274,    5577863,N
Point07,xy,    0,  107,in, deg,  49, 22.5948,N,  54, 24.5528,W, grid, 21,     688054,    5472548,N
Point08,xy,   60,  107,in, deg,  49, 19.7241,N,  52, 47.1462,W, grid, 21,     806164,    5472548,N
Point09,xy,  120,  107,in, deg,  49, 15.4926,N,  51, 10.0591,W, grid, 21,     924274,    5472548,N
Point10,xy,     ,     ,in, deg,    ,        ,N,    ,        ,W, grid,   ,           ,           ,N
Point11,xy,     ,     ,in, deg,    ,        ,N,    ,        ,W, grid,   ,           ,           ,N
Point12,xy,     ,     ,in, deg,    ,        ,N,    ,        ,W, grid,   ,           ,           ,N
Point13,xy,     ,     ,in, deg,    ,        ,N,    ,        ,W, grid,   ,           ,           ,N
Point14,xy,     ,     ,in, deg,    ,        ,N,    ,        ,W, grid,   ,           ,           ,N
Point15,xy,     ,     ,in, deg,    ,        ,N,    ,        ,W, grid,   ,           ,           ,N
Point16,xy,     ,     ,in, deg,    ,        ,N,    ,        ,W, grid,   ,           ,           ,N
Point17,xy,     ,     ,in, deg,    ,        ,N,    ,        ,W, grid,   ,           ,           ,N
Point18,xy,     ,     ,in, deg,    ,        ,N,    ,        ,W, grid,   ,           ,           ,N
Point19,xy,     ,     ,in, deg,    ,        ,N,    ,        ,W, grid,   ,           ,           ,N
Point20,xy,     ,     ,in, deg,    ,        ,N,    ,        ,W, grid,   ,           ,           ,N
Point21,xy,     ,     ,in, deg,    ,        ,N,    ,        ,W, grid,   ,           ,           ,N
Point22,xy,     ,     ,in, deg,    ,        ,N,    ,        ,W, grid,   ,           ,           ,N
Point23,xy,     ,     ,in, deg,    ,        ,N,    ,        ,W, grid,   ,           ,           ,N
Point24,xy,     ,     ,in, deg,    ,        ,N,    ,        ,W, grid,   ,           ,           ,N
Point25,xy,     ,     ,in, deg,    ,        ,N,    ,        ,W, grid,   ,           ,           ,N
Point26,xy,     ,     ,in, deg,    ,        ,N,    ,        ,W, grid,   ,           ,           ,N
Point27,xy,     ,     ,in, deg,    ,        ,N,    ,        ,W, grid,   ,           ,           ,N
Point28,xy,     ,     ,in, deg,    ,        ,N,    ,        ,W, grid,   ,           ,           ,N
Point29,xy,     ,     ,in, deg,    ,        ,N,    ,        ,W, grid,   ,           ,           ,N
Point30,xy,     ,     ,in, deg,    ,        ,N,    ,        ,W, grid,   ,           ,           ,N
Projection Setup,,,,,,,,,
Map Feature = MF ; Map Comment = MC     These follow if they exist
Track File = TF      These follow if they exist
Moving Map Parameters = MM?    These follow if they exist
MM0,Yes
MMPNUM,4
MMPXY,1,0,0
MMPXY,2,120,0
MMPXY,3,120,107
MMPXY,4,0,107
MMPLL, 1, -54.304179,  51.268871
MMPLL, 2, -50.932590,  51.142348
MMPLL, 3, -51.167652,  49.258211
MMPLL, 4, -54.409213,  49.376580
MM1B,1966.910569
MOP,Map Open Position,0,0
IWH,Map Image Width/Height,120,107
