OziExplorer Map Data File Version 2.1
Demo Map 1
Demo1.bmp
1   TIFF scale factor
WGS 84,,   0.0000,   0.0000,WGS 84
Reserved 1
Reserved 2
Magnetic Variation,,,W
Map Projection,Latitude/Longitude,PolyCal,No,AutoCalOnly,No,BSBUseWPX,Yes
Point01,xy,  139,  227,in, deg,  26,  34.122,S, 152,  22.166,E, grid,   ,           ,           ,N
Point02,xy, 1156,  689,in, deg,  26,    48.7,S, 152,   57.89,E, grid,   ,           ,           ,N
Point03,xy,     ,     ,in, deg,    ,        ,N,    ,        ,W, grid,   ,           ,           ,N
Point04,xy,     ,     ,in, deg,    ,        ,N,    ,        ,W, grid,   ,           ,           ,N
Point05,xy,     ,     ,in, deg,    ,        ,N,    ,        ,W, grid,   ,           ,           ,N
Point06,xy,     ,     ,in, deg,    ,        ,N,    ,        ,W, grid,   ,           ,           ,N
Point07,xy,     ,     ,in, deg,    ,        ,N,    ,        ,W, grid,   ,           ,           ,N
Point08,xy,     ,     ,in, deg,    ,        ,N,    ,        ,W, grid,   ,           ,           ,N
Point09,xy,     ,     ,in, deg,    ,        ,N,    ,        ,W, grid,   ,           ,           ,N
Point10,xy,     ,     ,in, deg,    ,        ,N,    ,        ,W, grid,   ,           ,           ,N
Point11,xy,     ,     ,in, deg,    ,        ,N,    ,        ,W, grid,   ,           ,           ,N
Point12,xy,     ,     ,in, deg,    ,        ,N,    ,        ,W, grid,   ,           ,           ,N
Point13,xy,     ,     ,in, deg,    ,        ,N,    ,        ,W, grid,   ,           ,           ,N
Point14,xy,     ,     ,in, deg,    ,        ,N,    ,        ,W, grid,   ,           ,           ,N
Point15,xy,     ,     ,in, deg,    ,        ,N,    ,        ,W, grid,   ,           ,           ,N
Point16,xy,     ,     ,in, deg,    ,        ,N,    ,        ,W, grid,   ,           ,           ,N
Point17,xy,     ,     ,in, deg,    ,        ,N,    ,        ,W, grid,   ,           ,           ,N
Point18,xy,     ,     ,in, deg,    ,        ,N,    ,        ,W, grid,   ,           ,           ,N
Point19,xy,     ,     ,in, deg,    ,        ,N,    ,        ,W, grid,   ,           ,           ,N
Point20,xy,     ,     ,in, deg,    ,        ,N,    ,        ,W, grid,   ,           ,           ,N
Point21,xy,     ,     ,in, deg,    ,        ,N,    ,        ,W, grid,   ,           ,           ,N
Point22,xy,     ,     ,in, deg,    ,        ,N,    ,        ,W, grid,   ,           ,           ,N
Point23,xy,     ,     ,in, deg,    ,        ,N,    ,        ,W, grid,   ,           ,           ,N
Point24,xy,     ,     ,in, deg,    ,        ,N,    ,        ,W, grid,   ,           ,           ,N
Point25,xy,     ,     ,in, deg,    ,        ,N,    ,        ,W, grid,   ,           ,           ,N
Point26,xy,     ,     ,in, deg,    ,        ,N,    ,        ,W, grid,   ,           ,           ,N
Point27,xy,     ,     ,in, deg,    ,        ,N,    ,        ,W, grid,   ,           ,           ,N
Point28,xy,     ,     ,in, deg,    ,        ,N,    ,        ,W, grid,   ,           ,           ,N
Point29,xy,     ,     ,in, deg,    ,        ,N,    ,        ,W, grid,   ,           ,           ,N
Point30,xy,     ,     ,in, deg,    ,        ,N,    ,        ,W, grid,   ,           ,           ,N
Projection Setup,,,,,,,
Map Feature = MF ; Map Comment = MC     These follow if they exist
MF,   1,Charlie Morelands             , -26.617084, 152.649872, 0,  16777215,  16711680,Smile.bmp                     ,1,MF1           

Charlie Morelands Camping Area’“Nice but Gets a bit crowded.’“’“
MF,   2,Boorumba Dam                  , -26.507167, 152.583713, 0,  16777215,  16711680,scene.bmp                     ,1,MF2           

Picnic Spots’“Aquarium Display’“
MF,   3,Rainforest                    , -26.677037, 152.571996, 0,  16777215,  16711680,                              ,1,MF3           
rdscene.jpg
Very nice rainforest drive’“
MF,   4,Lower Camping Area            , -26.632335, 152.652793, 0,  16777215,  16711680,                              ,1,MF4           
bcamp.jpg
Nice looking area - gets crowded during peak times.’“’“Must try it one day.
MF,   5,MF 5                          , -26.518739, 152.519308, 0,  16777215,  16711680,ARROW4L.BMP                   ,0,MF5           

Just demonstrating the use of a symbol. Users can add symbols, see the help file for details.
MF,   6,MF 6                          , -26.504014, 152.648692, 0,  16777215,  16711680,ARROW4L.BMP                   ,0,MF6           


MF,   7,MF 7                          , -26.696494, 152.641081, 0,  16777215,  16711680,Arrow4nw.bmp                  ,0,MF7           


MC,   1, -26.621815, 152.461358, 0,         0,     65280,  124,28,7,0
Peach Trees Camping Area (Excellent - Coin Showers)
MC,   2, -26.521368, 152.454915, 0,  16777215,       255,   65,15,7,0
4x4 Track only
MC,   3, -26.531887, 152.506420, 0,         0,  16776960,   55,14,7,0
Steep Track
MC,   4, -26.515584, 152.526332, 0,         0,  12632256,   60,16,7,0
Locked Gate
MC,   5, -26.729626, 152.772227, 0,         0,     65280,   63,16,7,0
Nice Scenery
MC,   6, -26.569753, 152.581359, 0,  16777215,         0,   72,27,7,0
State Forest Permit required
MC,   7, -26.499281, 152.656303, 0,         0,     65280,   90,53,7,0
This Track + 2 others are permanently Attached to the Map and show new roads
MC,   8, -26.701753, 152.645179, 0,         0,  12632256,  100,38,7,0
This Track is also permanently attached to the Map.
MC,   9, -26.474564, 152.733582, 0,         0,  13158342,  116,73,10,1
This is a Comment with a Transparent background
MC,  10, -26.676510, 152.474228, 0,         0,     65280,   98,20,8,0
Map Comment 10
Track File = TF      These follow if they exist
TF,.\Data\NewRoad1.plt
TF,.\Data\NewRoad2.plt
TF,.\Data\NewRoad3.plt
Moving Map Stuff = MM?    These follow if they exist
MM0,No
MMPNUM,4
MMPXY,1,0,0
MMPXY,2,1202,0
MMPXY,3,1202,778
MMPXY,4,0,778
MMPLL,1, 152.288056, -26.449320
MMPLL,2, 152.991764, -26.449320
MMPLL,3, 152.991764, -26.858472
MMPLL,4, 152.288056, -26.858472
MM1B,58.306990
MM2,-26.44932027417103,-0.00052590187591,152.28805614559270,0.00058544739429
